nohup: ignoring input
INFO: --- Face Service Script Loaded ---
INFO: Python version: 3.9.2 (default, Jan 25 2026, 13:37:52) 
[GCC 10.2.1 20210110]
INFO: Working directory: /home/lumosdhia/EcoSpot-PI
INFO: Starting Uvicorn server on 0.0.0.0...
INFO:     Started server process [7776]
INFO:     Waiting for application startup.
INFO:     Application startup complete.
INFO:     Uvicorn running on http://0.0.0.0:8001 (Press CTRL+C to quit)
INFO:     127.0.0.1:52200 - "HEAD / HTTP/1.1" 404 Not Found
INFO: Enrollment request for user: test@ecospot.local
INFO: Extracting face representation (VGG-Face)...
INFO: Successfully enrolled user: test@ecospot.local
INFO:     127.0.0.1:56784 - "POST /enroll HTTP/1.1" 200 OK
INFO: Enrollment request for user: test@ecospot.local
INFO: Extracting face representation (VGG-Face)...
INFO: Successfully enrolled user: test@ecospot.local
INFO:     127.0.0.1:33498 - "POST /enroll HTTP/1.1" 200 OK
INFO: Extracting face representation for recognition...
INFO: Match found: test@ecospot.local (dist: 0.5397)
INFO:     127.0.0.1:46502 - "POST /recognize HTTP/1.1" 200 OK
: test@ecospot.local (dist: 0.5397)
2026-03-01 14:08:31,961 - INFO - --- Face Service Script Loaded ---
2026-03-01 14:08:31,962 - INFO - Python version: 3.9.2 (default, Jan 25 2026, 13:37:52) 
[GCC 10.2.1 20210110]
2026-03-01 14:08:31,962 - INFO - Working directory: /home/lumosdhia/EcoSpot-PI
2026-03-01 14:08:32,321 - INFO - Starting Uvicorn server on 0.0.0.0...
2026-03-01 14:14:09,863 - INFO - Extracting face representation for recognition...
2026-03-01 14:14:14,093 - INFO - No match found. Best distance: 0.7251
2026-03-01 14:14:17,841 - INFO - Extracting face representation for recognition...
2026-03-01 14:14:18,192 - INFO - No match found. Best distance: 0.9494
2026-03-01 14:14:19,183 - INFO - Extracting face representation for recognition...
2026-03-01 14:14:19,408 - INFO - No match found. Best distance: 0.9076
